// Jest Snapshot v1, https://goo.gl/fbAQLP

exports[`Login component testing renders the login component 1`] = `
<div
  className="container"
>
  <h2>
    Login
  </h2>
  <form
    className=""
    onSubmit={[Function]}
  >
    <div
      className="mb-3"
    >
      <label
        className="form-label"
        htmlFor="formBasicEmail"
      >
        Email address
      </label>
      <input
        className="form-control"
        id="formBasicEmail"
        onChange={[Function]}
        placeholder="Enter email"
        type="email"
      />
    </div>
    <div
      className="mb-3"
    >
      <label
        className="form-label"
        htmlFor="formBasicPassword"
      >
        Password
      </label>
      <input
        className="form-control"
        id="formBasicPassword"
        onChange={[Function]}
        placeholder="Password"
        type="password"
      />
    </div>
    <button
      className="btn btn-primary"
      disabled={false}
      type="submit"
    >
      Submit
    </button>
    <div
      onMouseEnter={[Function]}
      onMouseLeave={[Function]}
      style={
        Object {
          "bottom": 16,
          "left": 16,
          "pointerEvents": "none",
          "position": "fixed",
          "right": 16,
          "top": 16,
          "zIndex": 9999,
        }
      }
    />
  </form>
</div>
`;
